
Time : 19/1/2026, 3:08:44 pm
Total Memory : 7.68 GB
Free Memory : 1.36 GB
Platform : win32
CPU : 12th Gen Intel(R) Core(TM) i7-12650H
Uptime : 0.67 hours
-----------------------------

Time : 19/1/2026, 3:08:49 pm
Total Memory : 7.68 GB
Free Memory : 1.36 GB
Platform : win32
CPU : 12th Gen Intel(R) Core(TM) i7-12650H
Uptime : 0.67 hours
-----------------------------

Time : 19/1/2026, 3:08:54 pm
Total Memory : 7.68 GB
Free Memory : 1.34 GB
Platform : win32
CPU : 12th Gen Intel(R) Core(TM) i7-12650H
Uptime : 0.67 hours
-----------------------------

Time : 19/1/2026, 3:08:59 pm
Total Memory : 7.68 GB
Free Memory : 1.34 GB
Platform : win32
CPU : 12th Gen Intel(R) Core(TM) i7-12650H
Uptime : 0.67 hours
-----------------------------

Time : 19/1/2026, 3:09:04 pm
Total Memory : 7.68 GB
Free Memory : 1.34 GB
Platform : win32
CPU : 12th Gen Intel(R) Core(TM) i7-12650H
Uptime : 0.67 hours
-----------------------------

Time : 19/1/2026, 3:09:09 pm
Total Memory : 7.68 GB
Free Memory : 1.34 GB
Platform : win32
CPU : 12th Gen Intel(R) Core(TM) i7-12650H
Uptime : 0.68 hours
-----------------------------

Time : 19/1/2026, 3:09:14 pm
Total Memory : 7.68 GB
Free Memory : 1.34 GB
Platform : win32
CPU : 12th Gen Intel(R) Core(TM) i7-12650H
Uptime : 0.68 hours
-----------------------------
